wandb: Currently logged in as: 1540259066 (1540259066-usc) to https://api.wandb.ai. Use `wandb login --relogin` to force relogin
wandb: Tracking run with wandb version 0.21.0
wandb: Run data is saved locally in /lab/student/kristine/ManiSkill/examples/baselines/act/wandb/run-20250806_224718-4cuuy6o5
wandb: Run `wandb offline` to turn off syncing.
wandb: Syncing run act-PickCube-v1-state-100_motionplanning_demos-1
wandb: ⭐️ View project at https://wandb.ai/1540259066-usc/ManiSkill
wandb: 🚀 View run at https://wandb.ai/1540259066-usc/ManiSkill/runs/4cuuy6o5
Loading HDF5 file /lab/student/.maniskill/demos/PickCube-v1/motionplanning/trajectory.state.pd_ee_delta_pos.physx_cpu.h5
Loaded
Load observations 100 <class 'numpy.ndarray'>
Load actions 100 <class 'numpy.ndarray'>
Length of Dataset: 7720
Training begins...
Evaluated 100 episodes
success_once: 0.0000
return: 0.0000
episode_len: 100.0000
reward: 0.0000
success_at_end: 0.0000
Iteration 0, loss: 68.26861572265625
Iteration 100, loss: 1.546737551689148
Iteration 200, loss: 0.8044165968894958
Iteration 300, loss: 0.43028172850608826
Iteration 400, loss: 0.2602759003639221
Iteration 500, loss: 0.17813421785831451
Iteration 600, loss: 0.13343563675880432
Iteration 700, loss: 0.10808023065328598
Iteration 800, loss: 0.0945490151643753
Iteration 900, loss: 0.0823465883731842
Iteration 1000, loss: 0.0755927711725235
Iteration 1100, loss: 0.06855227053165436
Iteration 1200, loss: 0.06373825669288635
Iteration 1300, loss: 0.05892975255846977
Iteration 1400, loss: 0.05567263066768646
Iteration 1500, loss: 0.05201052129268646
Iteration 1600, loss: 0.05060549080371857
Iteration 1700, loss: 0.04542595148086548
Iteration 1800, loss: 0.0446108914911747
Iteration 1900, loss: 0.04216348007321358
Iteration 2000, loss: 0.040892474353313446
Iteration 2100, loss: 0.03863046318292618
Iteration 2200, loss: 0.037115857005119324
Iteration 2300, loss: 0.03482334688305855
Iteration 2400, loss: 0.03402533382177353
Iteration 2500, loss: 0.032675035297870636
Iteration 2600, loss: 0.03150807321071625
Iteration 2700, loss: 0.03000919334590435
Iteration 2800, loss: 0.030147593468427658
Iteration 2900, loss: 0.02935999631881714
Iteration 3000, loss: 0.028010331094264984
Iteration 3100, loss: 0.02643410861492157
Iteration 3200, loss: 0.027557890862226486
Iteration 3300, loss: 0.02589964121580124
Iteration 3400, loss: 0.02618078887462616
Iteration 3500, loss: 0.026739776134490967
Iteration 3600, loss: 0.02481819875538349
Iteration 3700, loss: 0.02477794699370861
Iteration 3800, loss: 0.023673519492149353
Iteration 3900, loss: 0.023578094318509102
Iteration 4000, loss: 0.023413024842739105
Iteration 4100, loss: 0.023350734263658524
Iteration 4200, loss: 0.022518137469887733
Iteration 4300, loss: 0.021456407383084297
Iteration 4400, loss: 0.02165539190173149
Iteration 4500, loss: 0.021404853090643883
Iteration 4600, loss: 0.020504988729953766
Iteration 4700, loss: 0.021031616255640984
Iteration 4800, loss: 0.02128651924431324
Iteration 4900, loss: 0.02039456181228161
Evaluated 100 episodes
success_once: 0.6100
return: 15.4600
episode_len: 100.0000
reward: 0.1546
success_at_end: 0.5400
New best success_once_rate: 0.6100. Saving checkpoint.
New best success_at_end_rate: 0.5400. Saving checkpoint.
Iteration 5000, loss: 0.019978631287813187
Iteration 5100, loss: 0.019519014284014702
Iteration 5200, loss: 0.019983595237135887
Iteration 5300, loss: 0.019170861691236496
Iteration 5400, loss: 0.019243290647864342
Iteration 5500, loss: 0.01814708113670349
Iteration 5600, loss: 0.01891830377280712
Iteration 5700, loss: 0.018491137772798538
Iteration 5800, loss: 0.01825316995382309
Iteration 5900, loss: 0.018686622381210327
Iteration 6000, loss: 0.017821282148361206
Iteration 6100, loss: 0.01841941848397255
Iteration 6200, loss: 0.01714889332652092
Iteration 6300, loss: 0.017735393717885017
Iteration 6400, loss: 0.018389323726296425
Iteration 6500, loss: 0.01673118956387043
Iteration 6600, loss: 0.017355335876345634
Iteration 6700, loss: 0.016817234456539154
Iteration 6800, loss: 0.01616324856877327
Iteration 6900, loss: 0.0168643519282341
Iteration 7000, loss: 0.016527049243450165
Iteration 7100, loss: 0.01668376289308071
Iteration 7200, loss: 0.016692135483026505
Iteration 7300, loss: 0.016190985217690468
Iteration 7400, loss: 0.015860922634601593
Iteration 7500, loss: 0.016300208866596222
Iteration 7600, loss: 0.015431012026965618
Iteration 7700, loss: 0.016270553693175316
Iteration 7800, loss: 0.015254314988851547
Iteration 7900, loss: 0.015209086239337921
Iteration 8000, loss: 0.01551667507737875
Iteration 8100, loss: 0.01563056744635105
Iteration 8200, loss: 0.01617756299674511
Iteration 8300, loss: 0.015239566564559937
Iteration 8400, loss: 0.015332194045186043
Iteration 8500, loss: 0.01470609288662672
Iteration 8600, loss: 0.014511313289403915
Iteration 8700, loss: 0.01444859430193901
Iteration 8800, loss: 0.014954354614019394
Iteration 8900, loss: 0.01511472463607788
Iteration 9000, loss: 0.014599187299609184
Iteration 9100, loss: 0.014321783557534218
Iteration 9200, loss: 0.01422965433448553
Iteration 9300, loss: 0.01451204065233469
Iteration 9400, loss: 0.014627940952777863
Iteration 9500, loss: 0.014450113289058208
Iteration 9600, loss: 0.01356617920100689
Iteration 9700, loss: 0.013988032005727291
Iteration 9800, loss: 0.013834464363753796
Iteration 9900, loss: 0.014584638178348541
Evaluated 100 episodes
success_once: 0.7400
return: 18.8100
episode_len: 100.0000
reward: 0.1881
success_at_end: 0.6500
New best success_once_rate: 0.7400. Saving checkpoint.
New best success_at_end_rate: 0.6500. Saving checkpoint.
Iteration 10000, loss: 0.013459935784339905
Iteration 10100, loss: 0.013685622252523899
Iteration 10200, loss: 0.015074722468852997
Iteration 10300, loss: 0.013589602895081043
Iteration 10400, loss: 0.013599484227597713
Iteration 10500, loss: 0.012873346917331219
Iteration 10600, loss: 0.014777226373553276
Iteration 10700, loss: 0.013427459634840488
Iteration 10800, loss: 0.013716137036681175
Iteration 10900, loss: 0.013129658997058868
Iteration 11000, loss: 0.01247093640267849
Iteration 11100, loss: 0.013371212407946587
Iteration 11200, loss: 0.013320687226951122
Iteration 11300, loss: 0.013118301518261433
Iteration 11400, loss: 0.01273520290851593
Iteration 11500, loss: 0.013349030166864395
Iteration 11600, loss: 0.013248256407678127
Iteration 11700, loss: 0.0139305479824543
Iteration 11800, loss: 0.012624252587556839
Iteration 11900, loss: 0.013432281091809273
Iteration 12000, loss: 0.013283283449709415
Iteration 12100, loss: 0.013000503182411194
Iteration 12200, loss: 0.012791752815246582
Iteration 12300, loss: 0.012935147620737553
Iteration 12400, loss: 0.012508438900113106
Iteration 12500, loss: 0.01247190497815609
Iteration 12600, loss: 0.012917311862111092
Iteration 12700, loss: 0.012641357257962227
Iteration 12800, loss: 0.013046225532889366
Iteration 12900, loss: 0.012055918574333191
Iteration 13000, loss: 0.011670602485537529
Iteration 13100, loss: 0.012569024227559566
Iteration 13200, loss: 0.012337317690253258
Iteration 13300, loss: 0.011750063858926296
Iteration 13400, loss: 0.012066025286912918
Iteration 13500, loss: 0.012431560084223747
Iteration 13600, loss: 0.011922049336135387
Iteration 13700, loss: 0.01198712456971407
Iteration 13800, loss: 0.012363798916339874
Iteration 13900, loss: 0.01241393107920885
Iteration 14000, loss: 0.011574520729482174
Iteration 14100, loss: 0.01255611889064312
Iteration 14200, loss: 0.011729840189218521
Iteration 14300, loss: 0.01187655795365572
Iteration 14400, loss: 0.01238681934773922
Iteration 14500, loss: 0.01257888600230217
Iteration 14600, loss: 0.012221874669194221
Iteration 14700, loss: 0.01189635880291462
Iteration 14800, loss: 0.011076236143708229
Iteration 14900, loss: 0.011824517510831356
Evaluated 100 episodes
success_once: 0.8000
return: 19.9200
episode_len: 100.0000
reward: 0.1992
success_at_end: 0.7000
New best success_once_rate: 0.8000. Saving checkpoint.
New best success_at_end_rate: 0.7000. Saving checkpoint.
Iteration 15000, loss: 0.011734823696315289
Iteration 15100, loss: 0.011557981371879578
Iteration 15200, loss: 0.011564550921320915
Iteration 15300, loss: 0.011491373181343079
Iteration 15400, loss: 0.01163014117628336
Iteration 15500, loss: 0.011530223302543163
Iteration 15600, loss: 0.011555563658475876
Iteration 15700, loss: 0.011626685969531536
Iteration 15800, loss: 0.01191017683595419
Iteration 15900, loss: 0.010996255092322826
Iteration 16000, loss: 0.011759007349610329
Iteration 16100, loss: 0.01129709742963314
Iteration 16200, loss: 0.011761077679693699
Iteration 16300, loss: 0.010865375399589539
Iteration 16400, loss: 0.0117206871509552
Iteration 16500, loss: 0.010942320339381695
Iteration 16600, loss: 0.010611489415168762
Iteration 16700, loss: 0.010830219835042953
Iteration 16800, loss: 0.012395954690873623
Iteration 16900, loss: 0.010562784969806671
Iteration 17000, loss: 0.011066529899835587
Iteration 17100, loss: 0.010991092771291733
Iteration 17200, loss: 0.010958279483020306
Iteration 17300, loss: 0.010654175654053688
Iteration 17400, loss: 0.010622053407132626
Iteration 17500, loss: 0.01149185374379158
Iteration 17600, loss: 0.010823928751051426
Iteration 17700, loss: 0.011138888075947762
Iteration 17800, loss: 0.010694695636630058
Iteration 17900, loss: 0.010489821434020996
Iteration 18000, loss: 0.010963897220790386
Iteration 18100, loss: 0.010771970264613628
Iteration 18200, loss: 0.01059831865131855
Iteration 18300, loss: 0.010945833288133144
Iteration 18400, loss: 0.01039663515985012
Iteration 18500, loss: 0.010298706591129303
Iteration 18600, loss: 0.010454757139086723
Iteration 18700, loss: 0.010288014076650143
Iteration 18800, loss: 0.011193327605724335
Iteration 18900, loss: 0.01025682594627142
Iteration 19000, loss: 0.009842010214924812
Iteration 19100, loss: 0.010474182665348053
Iteration 19200, loss: 0.010859822854399681
Iteration 19300, loss: 0.010300732217729092
Iteration 19400, loss: 0.00999866146594286
Iteration 19500, loss: 0.010413863696157932
Iteration 19600, loss: 0.010755225084722042
Iteration 19700, loss: 0.01030569989234209
Iteration 19800, loss: 0.010919337160885334
Iteration 19900, loss: 0.009979421272873878
Evaluated 100 episodes
success_once: 0.7600
return: 19.7900
episode_len: 100.0000
reward: 0.1979
success_at_end: 0.7100
New best success_at_end_rate: 0.7100. Saving checkpoint.
Iteration 20000, loss: 0.00999969057738781
Iteration 20100, loss: 0.009838814847171307
Iteration 20200, loss: 0.009809707291424274
Iteration 20300, loss: 0.009262115694582462
Iteration 20400, loss: 0.009471866302192211
Iteration 20500, loss: 0.009299158118665218
Iteration 20600, loss: 0.009440645575523376
Iteration 20700, loss: 0.009301661513745785
Iteration 20800, loss: 0.009543268010020256
Iteration 20900, loss: 0.009433667175471783
Iteration 21000, loss: 0.009512742981314659
Iteration 21100, loss: 0.009260805323719978
Iteration 21200, loss: 0.009375311434268951
Iteration 21300, loss: 0.009763004258275032
Iteration 21400, loss: 0.009308227337896824
Iteration 21500, loss: 0.009651962667703629
Iteration 21600, loss: 0.00902470201253891
Iteration 21700, loss: 0.009397146292030811
Iteration 21800, loss: 0.009695963934063911
Iteration 21900, loss: 0.009636569768190384
Iteration 22000, loss: 0.009425708092749119
Iteration 22100, loss: 0.008935132995247841
Iteration 22200, loss: 0.009270192123949528
Iteration 22300, loss: 0.009566054679453373
Iteration 22400, loss: 0.009434285573661327
Iteration 22500, loss: 0.009289517067372799
Iteration 22600, loss: 0.009225762449204922
Iteration 22700, loss: 0.009224808774888515
Iteration 22800, loss: 0.00965815968811512
Iteration 22900, loss: 0.009627610445022583
Iteration 23000, loss: 0.009186379611492157
Iteration 23100, loss: 0.009420334361493587
Iteration 23200, loss: 0.009332920424640179
Iteration 23300, loss: 0.009304397739470005
Iteration 23400, loss: 0.009124652482569218
Iteration 23500, loss: 0.009094825014472008
Iteration 23600, loss: 0.009374741464853287
Iteration 23700, loss: 0.009030185639858246
Iteration 23800, loss: 0.009160537272691727
Iteration 23900, loss: 0.009179708547890186
Iteration 24000, loss: 0.009080533869564533
Iteration 24100, loss: 0.009135598316788673
Iteration 24200, loss: 0.009416425600647926
Iteration 24300, loss: 0.009180481545627117
Iteration 24400, loss: 0.009347443468868732
Iteration 24500, loss: 0.009281239472329617
Iteration 24600, loss: 0.009068895131349564
Iteration 24700, loss: 0.009173182770609856
Iteration 24800, loss: 0.008868957869708538
Iteration 24900, loss: 0.009121617302298546
Evaluated 100 episodes
success_once: 0.7000
return: 18.8900
episode_len: 100.0000
reward: 0.1889
success_at_end: 0.6100
Iteration 25000, loss: 0.009278513491153717
Iteration 25100, loss: 0.009083544835448265
Iteration 25200, loss: 0.009203855879604816
Iteration 25300, loss: 0.008941300213336945
Iteration 25400, loss: 0.009302923455834389
Iteration 25500, loss: 0.009207081981003284
Iteration 25600, loss: 0.009150647558271885
Iteration 25700, loss: 0.009330013766884804
Iteration 25800, loss: 0.009027962572872639
Iteration 25900, loss: 0.009113232605159283
Iteration 26000, loss: 0.009447676129639149
Iteration 26100, loss: 0.009358501061797142
Iteration 26200, loss: 0.009239318780601025
Iteration 26300, loss: 0.009481038898229599
Iteration 26400, loss: 0.009160802699625492
Iteration 26500, loss: 0.00915522500872612
Iteration 26600, loss: 0.008992623537778854
Iteration 26700, loss: 0.009145636111497879
Iteration 26800, loss: 0.00940490048378706
Iteration 26900, loss: 0.008679128251969814
Iteration 27000, loss: 0.009335179813206196
Iteration 27100, loss: 0.009061479941010475
Iteration 27200, loss: 0.008996418677270412
Iteration 27300, loss: 0.00915713794529438
Iteration 27400, loss: 0.009141702204942703
Iteration 27500, loss: 0.008809390477836132
Iteration 27600, loss: 0.008848455734550953
Iteration 27700, loss: 0.00932140089571476
Iteration 27800, loss: 0.008995751850306988
Iteration 27900, loss: 0.009258889593183994
Iteration 28000, loss: 0.009217580780386925
Iteration 28100, loss: 0.008994442410767078
Iteration 28200, loss: 0.008961204439401627
Iteration 28300, loss: 0.009022485464811325
Iteration 28400, loss: 0.009058319963514805
Iteration 28500, loss: 0.009195133112370968
Iteration 28600, loss: 0.009162520989775658
Iteration 28700, loss: 0.009292948991060257
Iteration 28800, loss: 0.008926907554268837
Iteration 28900, loss: 0.009087036363780499
Iteration 29000, loss: 0.009080118499696255
Iteration 29100, loss: 0.009174239821732044
Iteration 29200, loss: 0.009370500221848488
Iteration 29300, loss: 0.008831237442791462
Iteration 29400, loss: 0.009100563824176788
Iteration 29500, loss: 0.009080556221306324
Iteration 29600, loss: 0.009150944650173187
Iteration 29700, loss: 0.008763538673520088
Iteration 29800, loss: 0.008937745355069637
Iteration 29900, loss: 0.009212855249643326
[1;34mwandb[0m: 
[1;34mwandb[0m: 🚀 View run [33mact-PickCube-v1-state-100_motionplanning_demos-1[0m at: [34mhttps://wandb.ai/1540259066-usc/ManiSkill/runs/4cuuy6o5[0m
[1;34mwandb[0m: Find logs at: [1;35mwandb/run-20250806_224718-4cuuy6o5/logs[0m
